Vivado Simulator v2022.2
Copyright 1986-1999, 2001-2022 Xilinx, Inc. All Rights Reserved.
Running: /tools/Xilinx/Vivado/2022.2/bin/unwrapped/lnx64.o/xelab --incr --debug typical --relax --mt 8 -L xil_defaultlib -L uvm -L unisims_ver -L unimacro_ver -L secureip --snapshot testbench_behav xil_defaultlib.testbench xil_defaultlib.glbl -log elaborate.log 
Using 8 slave threads.
Starting static elaboration
Pass Through NonSizing Optimizer
WARNING: [VRFC 10-3091] actual bit length 16 differs from formal bit length 17 for port 'out' [/home/ece385user/Documents/ece385/lab3/lab3.srcs/sim_1/imports/sim_sources/testbench.sv:31]
WARNING: [VRFC 10-3091] actual bit length 32 differs from formal bit length 1 for port 'c_in' [/home/ece385user/Documents/ece385/lab3/lab3.srcs/sources_1/imports/design_source/select_adder.sv:67]
WARNING: [VRFC 10-3091] actual bit length 32 differs from formal bit length 1 for port 'c_in' [/home/ece385user/Documents/ece385/lab3/lab3.srcs/sources_1/imports/design_source/select_adder.sv:19]
WARNING: [VRFC 10-3091] actual bit length 32 differs from formal bit length 1 for port 'c_in' [/home/ece385user/Documents/ece385/lab3/lab3.srcs/sources_1/imports/design_source/select_adder.sv:23]
Completed static elaboration
Starting simulation data flow analysis
WARNING: [XSIM 43-4100] "/home/ece385user/Documents/ece385/lab3/lab3.srcs/sim_1/imports/sim_sources/testbench.sv" Line 1. Module testbench has a timescale but at least one module in design doesn't have timescale.
WARNING: [XSIM 43-4100] "/home/ece385user/Documents/ece385/lab3/lab3.srcs/sim_1/imports/sim_sources/testbench.sv" Line 1. Module testbench has a timescale but at least one module in design doesn't have timescale.
WARNING: [XSIM 43-4100] "/home/ece385user/Documents/ece385/lab3/lab3.sim/sim_1/behav/xsim/glbl.v" Line 6. Module glbl has a timescale but at least one module in design doesn't have timescale.
WARNING: [XSIM 43-4100] "/home/ece385user/Documents/ece385/lab3/lab3.sim/sim_1/behav/xsim/glbl.v" Line 6. Module glbl has a timescale but at least one module in design doesn't have timescale.
Completed simulation data flow analysis
Time Resolution for simulation is 1ps
Compiling package xil_defaultlib.$unit_2_1mux_sv_2357440691
Compiling module xil_defaultlib.negedge_detector
Compiling module xil_defaultlib.load_reg(DATA_WIDTH=17)
Compiling module xil_defaultlib.full_adder
Compiling module xil_defaultlib.ADDER4
Compiling module xil_defaultlib.mux_8_4
Compiling module xil_defaultlib.sel_adder_section
Compiling module xil_defaultlib.select_adder
Compiling module xil_defaultlib.nibble_to_hex
Compiling module xil_defaultlib.hex_driver_default
Compiling module xil_defaultlib.sync_debounce
Compiling module xil_defaultlib.load_reg(DATA_WIDTH=16)
Compiling module xil_defaultlib.adder_toplevel_default
Compiling module xil_defaultlib.testbench
Compiling module xil_defaultlib.glbl
Built simulation snapshot testbench_behav
